PS C:\Users\taku_\Documents\git-work\git_challenge> git init
Initialized empty Git repository in C:/Users/taku_/Documents/git-work/git_challenge/.git/
PS C:\Users\taku_\Documents\git-work\git_challenge> echo "Hello, world!" >> hello_world.txt
PS C:\Users\taku_\Documents\git-work\git_challenge> git status
On branch master

No commits yet

Untracked files:
  (use "git add <file>..." to include in what will be committed)
        hello_world.txt

nothing added to commit but untracked files present (use "git add" to track)
PS C:\Users\taku_\Documents\git-work\git_challenge> git add .\hello_world.txt
PS C:\Users\taku_\Documents\git-work\git_challenge> git commit -m "hello_world.txtを追加"
[master (root-commit) 2c9fbb5] hello_world.txtを追加
 1 file changed, 0 insertions(+), 0 deletions(-)
 create mode 100644 hello_world.txt
PS C:\Users\taku_\Documents\git-work\git_challenge> git status
On branch master
nothing to commit, working tree clean
PS C:\Users\taku_\Documents\git-work\git_challenge> git log
commit 2c9fbb5c6e968ac8f60c3cebb8ab79519091d658 (HEAD -> master)
Author: tgtaku <takumi.sano0623@gmail.com>
Date:   Sun Jan 7 18:21:49 2024 +0900

    hello_world.txtを追加
PS C:\Users\taku_\Documents\git-work\git_challenge> git log --oneline
2c9fbb5 (HEAD -> master) hello_world.txtを追加
PS C:\Users\taku_\Documents\git-work\git_challenge> echo "こんにちは, 世界!" >> hello_world.txt 
PS C:\Users\taku_\Documents\git-work\git_challenge> git status
On branch master
Changes not staged for commit:
  (use "git add <file>..." to update what will be committed)
  (use "git restore <file>..." to discard changes in working directory)
        modified:   hello_world.txt

no changes added to commit (use "git add" and/or "git commit -a")
PS C:\Users\taku_\Documents\git-work\git_challenge> git add .\hello_world.txt
PS C:\Users\taku_\Documents\git-work\git_challenge> git status
On branch master
Changes to be committed:
  (use "git restore --staged <file>..." to unstage)
        modified:   hello_world.txt

PS C:\Users\taku_\Documents\git-work\git_challenge> git commit -m "日本語訳を追記"         
[master b944ccd] 日本語訳を追記
 1 file changed, 0 insertions(+), 0 deletions(-)
PS C:\Users\taku_\Documents\git-work\git_challenge> git status
On branch master
nothing to commit, working tree clean
PS C:\Users\taku_\Documents\git-work\git_challenge> git log --oneline
b944ccd (HEAD -> master) 日本語訳を追記
2c9fbb5 hello_world.txtを追加